Archive member included because of file (symbol)

c:/chibistudio/tools/gnu tools arm embedded/4.7 2014q2/bin/../lib/gcc/arm-none-eabi/4.7.4/../../../../arm-none-eabi/lib/armv7e-m\libg.a(lib_a-memcmp.o)
                              build/obj/etharp.o (memcmp)
c:/chibistudio/tools/gnu tools arm embedded/4.7 2014q2/bin/../lib/gcc/arm-none-eabi/4.7.4/../../../../arm-none-eabi/lib/armv7e-m\libg.a(lib_a-memcpy.o)
                              build/obj/mac_lld.o (memcpy)
c:/chibistudio/tools/gnu tools arm embedded/4.7 2014q2/bin/../lib/gcc/arm-none-eabi/4.7.4/../../../../arm-none-eabi/lib/armv7e-m\libg.a(lib_a-memset.o)
                              build/obj/usb.o (memset)
c:/chibistudio/tools/gnu tools arm embedded/4.7 2014q2/bin/../lib/gcc/arm-none-eabi/4.7.4/../../../../arm-none-eabi/lib/armv7e-m\libg.a(lib_a-strcasecmp.o)
                              build/obj/shell.o (strcasecmp)
c:/chibistudio/tools/gnu tools arm embedded/4.7 2014q2/bin/../lib/gcc/arm-none-eabi/4.7.4/../../../../arm-none-eabi/lib/armv7e-m\libg.a(lib_a-strlen.o)
                              build/obj/pbuf.o (strlen)
c:/chibistudio/tools/gnu tools arm embedded/4.7 2014q2/bin/../lib/gcc/arm-none-eabi/4.7.4/../../../../arm-none-eabi/lib/armv7e-m\libg.a(lib_a-strpbrk.o)
                              build/obj/shell.o (strpbrk)
c:/chibistudio/tools/gnu tools arm embedded/4.7 2014q2/bin/../lib/gcc/arm-none-eabi/4.7.4/../../../../arm-none-eabi/lib/armv7e-m\libg.a(lib_a-strspn.o)
                              build/obj/shell.o (strspn)
c:/chibistudio/tools/gnu tools arm embedded/4.7 2014q2/bin/../lib/gcc/arm-none-eabi/4.7.4/../../../../arm-none-eabi/lib/armv7e-m\libg.a(lib_a-ctype_.o)
                              c:/chibistudio/tools/gnu tools arm embedded/4.7 2014q2/bin/../lib/gcc/arm-none-eabi/4.7.4/../../../../arm-none-eabi/lib/armv7e-m\libg.a(lib_a-strcasecmp.o) (__ctype_ptr__)

Discarded input sections

 .text          0x00000000        0x0 build/obj/crt0.o
 .data          0x00000000        0x0 build/obj/crt0.o
 .bss           0x00000000        0x0 build/obj/crt0.o
 .text.__early_init
                0x00000000       0x10 build/obj/crt0.o
 .text          0x00000000        0x0 build/obj/vectors.o
 .data          0x00000000        0x0 build/obj/vectors.o
 .bss           0x00000000        0x0 build/obj/vectors.o
 .text          0x00000000        0x0 build/obj/chcore.o
 .data          0x00000000        0x0 build/obj/chcore.o
 .bss           0x00000000        0x0 build/obj/chcore.o
 .text          0x00000000        0x0 build/obj/chcore_v7m.o
 .data          0x00000000        0x0 build/obj/chcore_v7m.o
 .bss           0x00000000        0x0 build/obj/chcore_v7m.o
 .text          0x00000000        0x0 build/obj/nvic.o
 .data          0x00000000        0x0 build/obj/nvic.o
 .bss           0x00000000        0x0 build/obj/nvic.o
 .text.nvicDisableVector
                0x00000000       0x40 build/obj/nvic.o
 .text          0x00000000        0x0 build/obj/chsys.o
 .data          0x00000000        0x0 build/obj/chsys.o
 .bss           0x00000000        0x0 build/obj/chsys.o
 .text          0x00000000        0x0 build/obj/chdebug.o
 .data          0x00000000        0x0 build/obj/chdebug.o
 .bss           0x00000000        0x0 build/obj/chdebug.o
 .debug_info    0x00000000       0x79 build/obj/chdebug.o
 .debug_abbrev  0x00000000       0x26 build/obj/chdebug.o
 .debug_aranges
                0x00000000       0x18 build/obj/chdebug.o
 .debug_line    0x00000000       0x1d build/obj/chdebug.o
 .debug_str     0x00000000      0x131 build/obj/chdebug.o
 .comment       0x00000000       0x71 build/obj/chdebug.o
 .ARM.attributes
                0x00000000       0x33 build/obj/chdebug.o
 .text          0x00000000        0x0 build/obj/chlists.o
 .data          0x00000000        0x0 build/obj/chlists.o
 .bss           0x00000000        0x0 build/obj/chlists.o
 .debug_info    0x00000000       0x79 build/obj/chlists.o
 .debug_abbrev  0x00000000       0x26 build/obj/chlists.o
 .debug_aranges
                0x00000000       0x18 build/obj/chlists.o
 .debug_line    0x00000000       0x1d build/obj/chlists.o
 .debug_str     0x00000000      0x131 build/obj/chlists.o
 .comment       0x00000000       0x71 build/obj/chlists.o
 .ARM.attributes
                0x00000000       0x33 build/obj/chlists.o
 .text          0x00000000        0x0 build/obj/chvt.o
 .data          0x00000000        0x0 build/obj/chvt.o
 .bss           0x00000000        0x0 build/obj/chvt.o
 .text          0x00000000        0x0 build/obj/chschd.o
 .data          0x00000000        0x0 build/obj/chschd.o
 .bss           0x00000000        0x0 build/obj/chschd.o
 .text          0x00000000        0x0 build/obj/chthreads.o
 .data          0x00000000        0x0 build/obj/chthreads.o
 .bss           0x00000000        0x0 build/obj/chthreads.o
 .text.chThdSetPriority
                0x00000000       0x30 build/obj/chthreads.o
[...]
Memory Configuration

Name             Origin             Length             Attributes
flash            0x08000000         0x00100000
ram              0x20000000         0x0001c000
ethram           0x2001c000         0x00004000
ccmram           0x10000000         0x00010000
*default*        0x00000000         0xffffffff

Linker script and memory map

LOAD build/obj/crt0.o
LOAD build/obj/vectors.o
LOAD build/obj/chcore.o
LOAD build/obj/chcore_v7m.o
LOAD build/obj/nvic.o
LOAD build/obj/chsys.o
LOAD build/obj/chdebug.o
LOAD build/obj/chlists.o
LOAD build/obj/chvt.o
LOAD build/obj/chschd.o
LOAD build/obj/chthreads.o
LOAD build/obj/chdynamic.o
LOAD build/obj/chregistry.o
LOAD build/obj/chsem.o
LOAD build/obj/chmtx.o
LOAD build/obj/chcond.o
LOAD build/obj/chevents.o
LOAD build/obj/chmsg.o
LOAD build/obj/chmboxes.o
LOAD build/obj/chqueues.o
LOAD build/obj/chmemcore.o
LOAD build/obj/chheap.o
LOAD build/obj/chmempools.o
LOAD build/obj/test.o
LOAD build/obj/testthd.o
LOAD build/obj/testsem.o
LOAD build/obj/testmtx.o
LOAD build/obj/testmsg.o
LOAD build/obj/testmbox.o
LOAD build/obj/testevt.o
LOAD build/obj/testheap.o
LOAD build/obj/testpools.o
LOAD build/obj/testdyn.o
LOAD build/obj/testqueues.o
LOAD build/obj/testbmk.o
LOAD build/obj/hal.o
LOAD build/obj/adc.o
LOAD build/obj/can.o
LOAD build/obj/ext.o
LOAD build/obj/gpt.o
LOAD build/obj/i2c.o
LOAD build/obj/icu.o
LOAD build/obj/mac.o
LOAD build/obj/mmc_spi.o
LOAD build/obj/mmcsd.o
LOAD build/obj/pal.o
LOAD build/obj/pwm.o
LOAD build/obj/rtc.o
LOAD build/obj/sdc.o
LOAD build/obj/serial.o
LOAD build/obj/serial_usb.o
LOAD build/obj/spi.o
LOAD build/obj/tm.o
LOAD build/obj/uart.o
LOAD build/obj/usb.o
LOAD build/obj/stm32_dma.o
LOAD build/obj/hal_lld.o
LOAD build/obj/adc_lld.o
LOAD build/obj/ext_lld_isr.o
LOAD build/obj/can_lld.o
LOAD build/obj/ext_lld.o
LOAD build/obj/mac_lld.o
LOAD build/obj/sdc_lld.o
LOAD build/obj/pal_lld.o
LOAD build/obj/i2c_lld.o
LOAD build/obj/usb_lld.o
LOAD build/obj/rtc_lld.o
LOAD build/obj/spi_lld.o
LOAD build/obj/gpt_lld.o
LOAD build/obj/icu_lld.o
LOAD build/obj/pwm_lld.o
LOAD build/obj/serial_lld.o
LOAD build/obj/uart_lld.o
LOAD build/obj/board.o
LOAD build/obj/lwipthread.o
LOAD build/obj/sys_arch.o
LOAD build/obj/etharp.o
LOAD build/obj/dhcp.o
LOAD build/obj/dns.o
LOAD build/obj/init.o
LOAD build/obj/mem.o
LOAD build/obj/memp.o
LOAD build/obj/netif.o
LOAD build/obj/pbuf.o
LOAD build/obj/raw.o
LOAD build/obj/stats.o
LOAD build/obj/sys.o
LOAD build/obj/tcp.o
LOAD build/obj/tcp_in.o
LOAD build/obj/tcp_out.o
LOAD build/obj/udp.o
LOAD build/obj/autoip.o
LOAD build/obj/icmp.o
LOAD build/obj/igmp.o
LOAD build/obj/inet.o
LOAD build/obj/inet_chksum.o
LOAD build/obj/ip.o
LOAD build/obj/ip_addr.o
LOAD build/obj/ip_frag.o
LOAD build/obj/def.o
LOAD build/obj/timers.o
LOAD build/obj/api_lib.o
LOAD build/obj/api_msg.o
LOAD build/obj/err.o
LOAD build/obj/netbuf.o
LOAD build/obj/netdb.o
LOAD build/obj/netifapi.o
LOAD build/obj/sockets.o
LOAD build/obj/tcpip.o
LOAD build/obj/fatfs_diskio.o
LOAD build/obj/fatfs_syscall.o
LOAD build/obj/ff.o
LOAD build/obj/ccsbcs.o
LOAD build/obj/evtimer.o
LOAD build/obj/chprintf.o
LOAD build/obj/shell.o
LOAD build/obj/web.o
LOAD build/obj/main.o
                0x00000400                __main_stack_size__ = 0x400
                0x00000400                __process_stack_size__ = 0x400
                0x20000000                __ram_start__ = ORIGIN (ram)
                0x0001c000                __ram_size__ = 0x1c000
                0x2001c000                __ram_end__ = (__ram_start__ + __ram_size__)
                0x00000000                . = 0x0
                0x00000000                _text = .

startup         0x08000000      0x1ac
 *(vectors)
 vectors        0x08000000      0x1ac build/obj/vectors.o
                0x08000000                _vectors

constructors    0x080001ac        0x0
                0x080001ac                PROVIDE (__init_array_start, .)
 *(SORT(.init_array.*))
 *(.init_array)
                0x080001ac                PROVIDE (__init_array_end, .)

destructors     0x080001ac        0x0
                0x080001ac                PROVIDE (__fini_array_start, .)
 *(.fini_array)
 *(SORT(.fini_array.*))
                0x080001ac                PROVIDE (__fini_array_end, .)

.text           0x080001b0     0x5344
 *(.text.startup.*)
 .text.startup.main
                0x080001b0       0xf0 build/obj/main.o
                0x080001b0                main
 *(.text)
 *(.text.*)
 .text.__late_init
                0x080002a0       0x10 build/obj/crt0.o
                0x080002a0                __late_init
 .text._default_exit
                0x080002b0       0x10 build/obj/crt0.o
                0x080002b0                _default_exit
 .text.ResetHandler
                0x080002c0      0x1d0 build/obj/crt0.o
                0x080002c0                ResetHandler
 .text._unhandled_exception
                0x08000490       0x10 build/obj/vectors.o
                0x08000490                Vector58
                0x08000490                VectorE8
                0x08000490                Vector9C
                0x08000490                VectorAC
                0x08000490                Vector1A0
                0x08000490                Vector5C
                0x08000490                NMIVector
                0x08000490                Vector11C
                0x08000490                Vector19C
                0x08000490                Vector8C
                0x08000490                VectorDC
                0x08000490                Vector168
                0x08000490                Vector110
                0x08000490                VectorC8
                0x08000490                Vector94
                0x08000490                VectorA8
                0x08000490                VectorB4
                0x08000490                Vector160
                0x08000490                VectorEC
                0x08000490                UsageFaultVector
                0x08000490                DebugMonitorVector
                0x08000490                Vector40
                0x08000490                VectorF8
                0x08000490                Vector108
                0x08000490                VectorBC
                0x08000490                Vector190
                0x08000490                Vector148
                0x08000490                Vector188
                0x08000490                PendSVVector
                0x08000490                Vector198
                0x08000490                Vector118
                0x08000490                Vector64
                0x08000490                VectorCC
                0x08000490                Vector54
                0x08000490                Vector98
                0x08000490                VectorD8
                0x08000490                Vector138
                0x08000490                Vector24
                0x08000490                Vector178
                0x08000490                Vector1A4
                0x08000490                BusFaultVector
                0x08000490                VectorD0
                0x08000490                Vector140
                0x08000490                VectorE4
                0x08000490                VectorC0
                0x08000490                HardFaultVector
                0x08000490                VectorF0
                0x08000490                Vector13C
                0x08000490                Vector100
                0x08000490                VectorE0
                0x08000490                VectorF4
                0x08000490                MemManageVector
                0x08000490                VectorA0
                0x08000490                VectorC4
                0x08000490                Vector180
                0x08000490                VectorB0
                0x08000490                Vector90
                0x08000490                Vector114
                0x08000490                Vector164
                0x08000490                Vector60
                0x08000490                Vector1C
                0x08000490                Vector17C
                0x08000490                Vector48
                0x08000490                Vector1A8
                0x08000490                Vector16C
                0x08000490                VectorD4
                0x08000490                Vector4C
                0x08000490                Vector144
                0x08000490                Vector68
                0x08000490                _unhandled_exception
                0x08000490                Vector170
                0x08000490                Vector184
                0x08000490                Vector10C
                0x08000490                Vector50
                0x08000490                Vector194
                0x08000490                Vector44
                0x08000490                Vector28
                0x08000490                VectorB8
                0x08000490                Vector34
                0x08000490                VectorA4
                0x08000490                Vector20
                0x08000490                Vector18C
 .text.port_halt
                0x080004a0       0x10 build/obj/chcore.o
                0x080004a0                port_halt
 .text._port_switch_from_isr
                0x080004b0       0x10 build/obj/chcore_v7m.o
                0x080004b0                _port_switch_from_isr
 .text.SVCallVector
                0x080004c0       0x20 build/obj/chcore_v7m.o
                0x080004c0                SVCallVector
 .text._port_init
                0x080004e0       0x40 build/obj/chcore_v7m.o
                0x080004e0                _port_init
 .text._port_irq_epilogue
                0x08000520       0x70 build/obj/chcore_v7m.o
                0x08000520                _port_irq_epilogue
 .text.SysTickVector
                0x08000590       0x20 build/obj/chcore_v7m.o
                0x08000590                SysTickVector
 .text._port_switch
                0x080005b0       0x10 build/obj/chcore_v7m.o
                0x080005b0                _port_switch
 .text._port_thread_start
                0x080005c0       0x10 build/obj/chcore_v7m.o
                0x080005c0                _port_thread_start
 .text.nvicEnableVector
                0x080005d0       0x50 build/obj/nvic.o
                0x080005d0                nvicEnableVector
 .text.nvicSetSystemHandlerPriority
                0x08000620       0x30 build/obj/nvic.o
                0x08000620                nvicSetSystemHandlerPriority
 .text._idle_thread
                0x08000650       0x20 build/obj/chsys.o
                0x08000650                _idle_thread
 .text.chSysInit
                0x08000670       0x70 build/obj/chsys.o
                0x08000670                chSysInit
 .text.chSysTimerHandlerI
                0x080006e0       0x60 build/obj/chsys.o
                0x080006e0                chSysTimerHandlerI
 .text._vt_init
                0x08000740       0x20 build/obj/chvt.o
                0x08000740                _vt_init
 .text.chVTSetI
                0x08000760       0x40 build/obj/chvt.o
                0x08000760                chVTSetI
 .text.chVTResetI
                0x080007a0       0x30 build/obj/chvt.o
                0x080007a0                chVTResetI
 .text.wakeup   0x080007d0       0x60 build/obj/chschd.o
 .text._scheduler_init
                0x08000830       0x20 build/obj/chschd.o
                0x08000830                _scheduler_init
 .text.chSchReadyI
                0x08000850       0x20 build/obj/chschd.o
                0x08000850                chSchReadyI
 .text.chSchGoSleepS
                0x08000870       0x30 build/obj/chschd.o
                0x08000870                chSchGoSleepS
 .text.chSchGoSleepTimeoutS
                0x080008a0       0x40 build/obj/chschd.o
                0x080008a0                chSchGoSleepTimeoutS
 .text.chSchWakeupS
                0x080008e0       0x60 build/obj/chschd.o
                0x080008e0                chSchWakeupS
 .text.chSchDoRescheduleBehind
                0x08000940       0x40 build/obj/chschd.o
                0x08000940                chSchDoRescheduleBehind
 .text.chSchDoRescheduleAhead
                0x08000980       0x40 build/obj/chschd.o
                0x08000980                chSchDoRescheduleAhead
 .text.chSchRescheduleS
                0x080009c0       0x20 build/obj/chschd.o
                0x080009c0                chSchRescheduleS
 .text.chSchDoReschedule
                0x080009e0       0x20 build/obj/chschd.o
                0x080009e0                chSchDoReschedule
 .text._thread_init
                0x08000a00       0x50 build/obj/chthreads.o
                0x08000a00                _thread_init
 .text.chThdCreateI
                0x08000a50       0x70 build/obj/chthreads.o
                0x08000a50                chThdCreateI
 .text.chThdCreateStatic
                0x08000ac0       0x30 build/obj/chthreads.o
                0x08000ac0                chThdCreateStatic
 .text.chThdSleep
                0x08000af0       0x20 build/obj/chthreads.o
                0x08000af0                chThdSleep
 .text.chThdExitS
                0x08000b10       0x40 build/obj/chthreads.o
                0x08000b10                chThdExitS
 .text.chThdExit
                0x08000b50       0x10 build/obj/chthreads.o
                0x08000b50                chThdExit
 .text.chSemInit
                0x08000b60       0x10 build/obj/chsem.o
                0x08000b60                chSemInit
 .text.chSemResetI
                0x08000b70       0x70 build/obj/chsem.o
                0x08000b70                chSemResetI
 .text.chMtxInit
                0x08000be0       0x10 build/obj/chmtx.o
                0x08000be0                chMtxInit
 .text.chEvtSignalI
                0x08000bf0       0x30 build/obj/chevents.o
                0x08000bf0                chEvtSignalI
 .text.chEvtBroadcastFlagsI
                0x08000c20       0x20 build/obj/chevents.o
                0x08000c20                chEvtBroadcastFlagsI
 .text.chEvtWaitOneTimeout
                0x08000c40       0x50 build/obj/chevents.o
                0x08000c40                chEvtWaitOneTimeout
 .text.qwait    0x08000c90       0x30 build/obj/chqueues.o
 .text.chIQInit
                0x08000cc0       0x20 build/obj/chqueues.o
                0x08000cc0                chIQInit
 .text.chIQResetI
                0x08000ce0       0x30 build/obj/chqueues.o
                0x08000ce0                chIQResetI
 .text.chIQPutI
                0x08000d10       0x50 build/obj/chqueues.o
                0x08000d10                chIQPutI
 .text.chIQGetTimeout
                0x08000d60       0x50 build/obj/chqueues.o
                0x08000d60                chIQGetTimeout
 .text.chIQReadTimeout
                0x08000db0       0x80 build/obj/chqueues.o
                0x08000db0                chIQReadTimeout
 .text.chOQInit
                0x08000e30       0x20 build/obj/chqueues.o
                0x08000e30                chOQInit
 .text.chOQResetI
                0x08000e50       0x30 build/obj/chqueues.o
                0x08000e50                chOQResetI
 .text.chOQPutTimeout
                0x08000e80       0x50 build/obj/chqueues.o
                0x08000e80                chOQPutTimeout
 .text.chOQGetI
                0x08000ed0       0x50 build/obj/chqueues.o
                0x08000ed0                chOQGetI
 .text.chOQWriteTimeout
                0x08000f20       0x80 build/obj/chqueues.o
                0x08000f20                chOQWriteTimeout
 .text._core_init
                0x08000fa0       0x30 build/obj/chmemcore.o
                0x08000fa0                _core_init
 .text.chCoreAlloc
                0x08000fd0       0x40 build/obj/chmemcore.o
                0x08000fd0                chCoreAlloc
 .text._heap_init
                0x08001010       0x20 build/obj/chheap.o
                0x08001010                _heap_init
 .text.halInit  0x08001030       0x40 build/obj/hal.o
                0x08001030                halInit
 .text.halIsCounterWithin
                0x08001070       0x30 build/obj/hal.o
                0x08001070                halIsCounterWithin
 .text.halPolledDelay
                0x080010a0       0x30 build/obj/hal.o
                0x080010a0                halPolledDelay
 .text.adcInit  0x080010d0       0x10 build/obj/adc.o
                0x080010d0                adcInit
 .text.adcObjectInit
                0x080010e0       0x20 build/obj/adc.o
                0x080010e0                adcObjectInit
 .text.adcStart
                0x08001100       0x20 build/obj/adc.o
                0x08001100                adcStart
 .text.adcConvert
                0x08001120       0x40 build/obj/adc.o
                0x08001120                adcConvert
 .text.macInit  0x08001160       0x10 build/obj/mac.o
                0x08001160                macInit
 .text.macObjectInit
                0x08001170       0x30 build/obj/mac.o
                0x08001170                macObjectInit
 .text.mmcsdGetCapacity
                0x080011a0       0x50 build/obj/mmcsd.o
                0x080011a0                mmcsdGetCapacity
 .text.sdcGetInfo
                0x080011f0       0x20 build/obj/sdc.o
                0x080011f0                sdcGetInfo
 .text.sdcConnect
                0x08001210      0x240 build/obj/sdc.o
                0x08001210                sdcConnect
 .text.sdcSync  0x08001450       0x20 build/obj/sdc.o
                0x08001450                sdcSync
 .text.sdcWrite
                0x08001470       0x30 build/obj/sdc.o
                0x08001470                sdcWrite
 .text.sdcRead  0x080014a0       0x30 build/obj/sdc.o
                0x080014a0                sdcRead
 .text._sdc_wait_for_transfer_state
                0x080014d0       0x50 build/obj/sdc.o
                0x080014d0                _sdc_wait_for_transfer_state
 .text.sdcDisconnect
                0x08001520       0x50 build/obj/sdc.o
                0x08001520                sdcDisconnect
 .text.sdcInit  0x08001570       0x10 build/obj/sdc.o
                0x08001570                sdcInit
 .text.sdcObjectInit
                0x08001580       0x20 build/obj/sdc.o
                0x08001580                sdcObjectInit
 .text.sdcStart
                0x080015a0       0x20 build/obj/sdc.o
                0x080015a0                sdcStart
 .text.readt    0x080015c0       0x10 build/obj/serial.o
 .text.read     0x080015d0       0x10 build/obj/serial.o
 .text.writet   0x080015e0       0x10 build/obj/serial.o
 .text.write    0x080015f0       0x10 build/obj/serial.o
 .text.gett     0x08001600       0x10 build/obj/serial.o
 .text.get      0x08001610       0x10 build/obj/serial.o
 .text.putt     0x08001620       0x10 build/obj/serial.o
 .text.put      0x08001630       0x10 build/obj/serial.o
 .text.sdInit   0x08001640       0x10 build/obj/serial.o
                0x08001640                sdInit
 .text.sdObjectInit
                0x08001650       0x50 build/obj/serial.o
                0x08001650                sdObjectInit
 .text.sdStart  0x080016a0       0x20 build/obj/serial.o
                0x080016a0                sdStart
 .text.sdIncomingDataI
                0x080016c0       0x40 build/obj/serial.o
                0x080016c0                sdIncomingDataI
 .text.inotify  0x08001700       0x70 build/obj/serial_usb.o
 .text.onotify  0x08001770       0x60 build/obj/serial_usb.o
 .text.readt    0x080017d0       0x10 build/obj/serial_usb.o
 .text.read     0x080017e0       0x10 build/obj/serial_usb.o
 .text.writet   0x080017f0       0x10 build/obj/serial_usb.o
 .text.write    0x08001800       0x10 build/obj/serial_usb.o
 .text.gett     0x08001810       0x10 build/obj/serial_usb.o
 .text.get      0x08001820       0x10 build/obj/serial_usb.o
 .text.putt     0x08001830       0x10 build/obj/serial_usb.o
 .text.put      0x08001840       0x10 build/obj/serial_usb.o
 .text.sduInit  0x08001850       0x10 build/obj/serial_usb.o
                0x08001850                sduInit
 .text.sduObjectInit
                0x08001860       0x60 build/obj/serial_usb.o
                0x08001860                sduObjectInit
 .text.sduStart
                0x080018c0       0x40 build/obj/serial_usb.o
                0x080018c0                sduStart
 .text.sduConfigureHookI
                0x08001900       0x50 build/obj/serial_usb.o
                0x08001900                sduConfigureHookI
 .text.sduRequestsHook
                0x08001950       0x40 build/obj/serial_usb.o
                0x08001950                sduRequestsHook
 .text.sduDataTransmitted
                0x08001990       0x70 build/obj/serial_usb.o
                0x08001990                sduDataTransmitted
 .text.sduDataReceived
                0x08001a00       0x70 build/obj/serial_usb.o
                0x08001a00                sduDataReceived
 .text.sduInterruptTransmitted
                0x08001a70       0x10 build/obj/serial_usb.o
                0x08001a70                sduInterruptTransmitted
 .text.tm_start
                0x08001a80       0x10 build/obj/tm.o
 .text.tm_stop  0x08001a90       0x40 build/obj/tm.o
 .text.tmInit   0x08001ad0       0x50 build/obj/tm.o
                0x08001ad0                tmInit
 .text.usbInit  0x08001b20       0x10 build/obj/usb.o
                0x08001b20                usbInit
 .text.usbObjectInit
                0x08001b30       0x30 build/obj/usb.o
                0x08001b30                usbObjectInit
 .text.usbStart
                0x08001b60       0x30 build/obj/usb.o
                0x08001b60                usbStart
 .text.usbInitEndpointI
                0x08001b90       0x40 build/obj/usb.o
                0x08001b90                usbInitEndpointI
 .text.usbPrepareReceive
                0x08001bd0       0x20 build/obj/usb.o
                0x08001bd0                usbPrepareReceive
 .text.usbPrepareTransmit
                0x08001bf0       0x20 build/obj/usb.o
                0x08001bf0                usbPrepareTransmit
 .text.usbPrepareQueuedReceive
                0x08001c10       0x20 build/obj/usb.o
                0x08001c10                usbPrepareQueuedReceive
 .text.usbPrepareQueuedTransmit
                0x08001c30       0x20 build/obj/usb.o
                0x08001c30                usbPrepareQueuedTransmit
 .text.usbStartReceiveI
                0x08001c50       0x30 build/obj/usb.o
                0x08001c50                usbStartReceiveI
 .text.usbStartTransmitI
                0x08001c80       0x30 build/obj/usb.o
                0x08001c80                usbStartTransmitI
 .text._usb_reset
                0x08001cb0       0x30 build/obj/usb.o
                0x08001cb0                _usb_reset
 .text._usb_ep0setup
                0x08001ce0      0x320 build/obj/usb.o
                0x08001ce0                _usb_ep0setup
 .text._usb_ep0in
                0x08002000       0xc0 build/obj/usb.o
                0x08002000                _usb_ep0in
 .text._usb_ep0out
                0x080020c0       0x80 build/obj/usb.o
                0x080020c0                _usb_ep0out
 .text.Vector6C
                0x08002140       0x30 build/obj/stm32_dma.o
                0x08002140                Vector6C
 .text.Vector70
                0x08002170       0x30 build/obj/stm32_dma.o
                0x08002170                Vector70
 .text.Vector74
                0x080021a0       0x30 build/obj/stm32_dma.o
                0x080021a0                Vector74
 .text.Vector78
                0x080021d0       0x30 build/obj/stm32_dma.o
                0x080021d0                Vector78
 .text.Vector7C
                0x08002200       0x30 build/obj/stm32_dma.o
                0x08002200                Vector7C
 .text.Vector80
                0x08002230       0x30 build/obj/stm32_dma.o
                0x08002230                Vector80
 .text.Vector84
                0x08002260       0x30 build/obj/stm32_dma.o
                0x08002260                Vector84
 .text.VectorFC
                0x08002290       0x30 build/obj/stm32_dma.o
                0x08002290                VectorFC
 .text.Vector120
                0x080022c0       0x30 build/obj/stm32_dma.o
                0x080022c0                Vector120
 .text.Vector124
                0x080022f0       0x30 build/obj/stm32_dma.o
                0x080022f0                Vector124
 .text.Vector128
                0x08002320       0x30 build/obj/stm32_dma.o
                0x08002320                Vector128
 .text.Vector12C
                0x08002350       0x30 build/obj/stm32_dma.o
                0x08002350                Vector12C
 .text.Vector130
                0x08002380       0x30 build/obj/stm32_dma.o
                0x08002380                Vector130
 .text.Vector150
                0x080023b0       0x30 build/obj/stm32_dma.o
                0x080023b0                Vector150
 .text.Vector154
                0x080023e0       0x30 build/obj/stm32_dma.o
                0x080023e0                Vector154
 .text.Vector158
                0x08002410       0x30 build/obj/stm32_dma.o
                0x08002410                Vector158
 .text.dmaInit  0x08002440      0x140 build/obj/stm32_dma.o
                0x08002440                dmaInit
 .text.dmaStreamAllocate
                0x08002580       0xa0 build/obj/stm32_dma.o
                0x08002580                dmaStreamAllocate
 .text.hal_lld_init
                0x08002620       0xb0 build/obj/hal_lld.o
                0x08002620                hal_lld_init
 .text.stm32_clock_init
                0x080026d0      0x100 build/obj/hal_lld.o
                0x080026d0                stm32_clock_init
 .text.adc_lld_init
                0x080027d0       0x90 build/obj/adc_lld.o
                0x080027d0                adc_lld_init
 .text.adc_lld_start
                0x08002860       0xe0 build/obj/adc_lld.o
                0x08002860                adc_lld_start
 .text.adc_lld_start_conversion
                0x08002940       0x80 build/obj/adc_lld.o
                0x08002940                adc_lld_start_conversion
 .text.adc_lld_stop_conversion
                0x080029c0       0x30 build/obj/adc_lld.o
                0x080029c0                adc_lld_stop_conversion
 .text.adc_lld_serve_rx_interrupt
                0x080029f0       0xe0 build/obj/adc_lld.o
 .text.Vector88
                0x08002ad0      0x150 build/obj/adc_lld.o
                0x08002ad0                Vector88
 .text.adcSTM32EnableTSVREFE
                0x08002c20       0x20 build/obj/adc_lld.o
                0x08002c20                adcSTM32EnableTSVREFE
 .text.Vector134
                0x08002c40       0x60 build/obj/mac_lld.o
                0x08002c40                Vector134
 .text.mac_lld_init
                0x08002ca0      0x1c0 build/obj/mac_lld.o
                0x08002ca0                mac_lld_init
 .text.sdc_lld_collect_errors
                0x08002e60       0x40 build/obj/sdc_lld.o
 .text.Vector104
                0x08002ea0       0x40 build/obj/sdc_lld.o
                0x08002ea0                Vector104
 .text.sdc_lld_init
                0x08002ee0       0x20 build/obj/sdc_lld.o
                0x08002ee0                sdc_lld_init
 .text.sdc_lld_start
                0x08002f00       0x60 build/obj/sdc_lld.o
                0x08002f00                sdc_lld_start
 .text.sdc_lld_start_clk
                0x08002f60       0x30 build/obj/sdc_lld.o
                0x08002f60                sdc_lld_start_clk
 .text.sdc_lld_set_data_clk
                0x08002f90       0x20 build/obj/sdc_lld.o
                0x08002f90                sdc_lld_set_data_clk
 .text.sdc_lld_stop_clk
                0x08002fb0       0x10 build/obj/sdc_lld.o
                0x08002fb0                sdc_lld_stop_clk
 .text.sdc_lld_set_bus_mode
                0x08002fc0       0x30 build/obj/sdc_lld.o
                0x08002fc0                sdc_lld_set_bus_mode
 .text.sdc_lld_send_cmd_none
                0x08002ff0       0x30 build/obj/sdc_lld.o
                0x08002ff0                sdc_lld_send_cmd_none
 .text.sdc_lld_send_cmd_short
                0x08003020       0x40 build/obj/sdc_lld.o
                0x08003020                sdc_lld_send_cmd_short
 .text.sdc_lld_send_cmd_short_crc
                0x08003060       0x40 build/obj/sdc_lld.o
                0x08003060                sdc_lld_send_cmd_short_crc
 .text.sdc_lld_wait_transaction_end
                0x080030a0       0xa0 build/obj/sdc_lld.o
 .text.sdc_lld_error_cleanup
                0x08003140       0x80 build/obj/sdc_lld.o
 .text.sdc_lld_send_cmd_long_crc
                0x080031c0       0x50 build/obj/sdc_lld.o
                0x080031c0                sdc_lld_send_cmd_long_crc
 .text.sdc_lld_read_aligned
                0x08003210       0xc0 build/obj/sdc_lld.o
                0x08003210                sdc_lld_read_aligned
 .text.sdc_lld_write_aligned
                0x080032d0       0xc0 build/obj/sdc_lld.o
                0x080032d0                sdc_lld_write_aligned
 .text.sdc_lld_read
                0x08003390       0xd0 build/obj/sdc_lld.o
                0x08003390                sdc_lld_read
 .text.sdc_lld_write
                0x08003460       0xd0 build/obj/sdc_lld.o
                0x08003460                sdc_lld_write
 .text.sdc_lld_sync
                0x08003530       0x10 build/obj/sdc_lld.o
                0x08003530                sdc_lld_sync
 .text._pal_lld_init
                0x08003540      0x1b0 build/obj/pal_lld.o
                0x08003540                _pal_lld_init
 .text._pal_lld_setgroupmode
                0x080036f0       0xd0 build/obj/pal_lld.o
                0x080036f0                _pal_lld_setgroupmode
 .text.otg_disable_ep
                0x080037c0       0x90 build/obj/usb_lld.o
 .text.otg_epout_handler
                0x08003850       0x60 build/obj/usb_lld.o
 .text.otg_txfifo_flush
                0x080038b0       0x20 build/obj/usb_lld.o
 .text.usb_lld_pump
                0x080038d0      0x4a0 build/obj/usb_lld.o
 .text.usb_lld_init
                0x08003d70       0x50 build/obj/usb_lld.o
                0x08003d70                usb_lld_init
 .text.usb_lld_start
                0x08003dc0      0x120 build/obj/usb_lld.o
                0x08003dc0                usb_lld_start
 .text.usb_lld_reset
                0x08003ee0      0x130 build/obj/usb_lld.o
                0x08003ee0                usb_lld_reset
 .text.usb_lld_set_address
                0x08004010       0x20 build/obj/usb_lld.o
                0x08004010                usb_lld_set_address
 .text.usb_lld_init_endpoint
                0x08004030      0x140 build/obj/usb_lld.o
                0x08004030                usb_lld_init_endpoint
 .text.usb_lld_get_status_out
                0x08004170       0x20 build/obj/usb_lld.o
                0x08004170                usb_lld_get_status_out
 .text.usb_lld_get_status_in
                0x08004190       0x20 build/obj/usb_lld.o
                0x08004190                usb_lld_get_status_in
 .text.usb_lld_read_setup
                0x080041b0       0x20 build/obj/usb_lld.o
                0x080041b0                usb_lld_read_setup
 .text.usb_lld_prepare_receive
                0x080041d0       0x30 build/obj/usb_lld.o
                0x080041d0                usb_lld_prepare_receive
 .text.usb_lld_prepare_transmit
                0x08004200       0x50 build/obj/usb_lld.o
                0x08004200                usb_lld_prepare_transmit
 .text.otg_epin_handler
                0x08004250       0xd0 build/obj/usb_lld.o
 .text.usb_lld_serve_interrupt
                0x08004320      0x140 build/obj/usb_lld.o
 .text.Vector174
                0x08004460       0x20 build/obj/usb_lld.o
                0x08004460                Vector174
 .text.Vector14C
                0x08004480       0x20 build/obj/usb_lld.o
                0x08004480                Vector14C
 .text.usb_lld_start_out
                0x080044a0       0x10 build/obj/usb_lld.o
                0x080044a0                usb_lld_start_out
 .text.usb_lld_start_in
                0x080044b0       0x30 build/obj/usb_lld.o
                0x080044b0                usb_lld_start_in
 .text.usb_lld_stall_out
                0x080044e0       0x10 build/obj/usb_lld.o
                0x080044e0                usb_lld_stall_out
 .text.usb_lld_stall_in
                0x080044f0       0x10 build/obj/usb_lld.o
                0x080044f0                usb_lld_stall_in
 .text.usb_lld_clear_out
                0x08004500       0x10 build/obj/usb_lld.o
                0x08004500                usb_lld_clear_out
 .text.usb_lld_clear_in
                0x08004510       0x10 build/obj/usb_lld.o
                0x08004510                usb_lld_clear_in
 .text.notify6  0x08004520       0x20 build/obj/serial_lld.o
 .text.Vector15C
                0x08004540      0x130 build/obj/serial_lld.o
                0x08004540                Vector15C
 .text.sd_lld_init
                0x08004670       0x30 build/obj/serial_lld.o
                0x08004670                sd_lld_init
 .text.sd_lld_start
                0x080046a0       0xb0 build/obj/serial_lld.o
                0x080046a0                sd_lld_start
 .text.__early_init
                0x08004750       0x10 build/obj/board.o
                0x08004750                __early_init
 .text.sdc_lld_is_card_inserted
                0x08004760       0x30 build/obj/board.o
                0x08004760                sdc_lld_is_card_inserted
 .text.sdc_lld_is_write_protected
                0x08004790       0x10 build/obj/board.o
                0x08004790                sdc_lld_is_write_protected
 .text.boardInit
                0x080047a0       0x10 build/obj/board.o
                0x080047a0                boardInit
 .text.long_to_string_with_divisor.constprop.0
                0x080047b0       0x70 build/obj/chprintf.o
 .text.chvprintf
                0x08004820      0x380 build/obj/chprintf.o
                0x08004820                chvprintf
 .text.adcerrorcallback
                0x08004ba0       0x10 build/obj/main.o
 .text.get_descriptor
                0x08004bb0       0x40 build/obj/main.o
 .text.Thread1  0x08004bf0       0x20 build/obj/main.o
 .text.usb_event
                0x08004c10       0x40 build/obj/main.o
 .text.chprintf.constprop.1
                0x08004c50       0x30 build/obj/main.o
 .text.Thread2  0x08004c80       0xe0 build/obj/main.o
 .text.memcpy   0x08004d60      0x144 c:/chibistudio/tools/gnu tools arm embedded/4.7 2014q2/bin/../lib/gcc/arm-none-eabi/4.7.4/../../../../arm-none-eabi/lib/armv7e-m\libg.a(lib_a-memcpy.o)
                0x08004d60                memcpy
 *fill*         0x08004ea4        0xc 00
 .text.memset   0x08004eb0      0x12c c:/chibistudio/tools/gnu tools arm embedded/4.7 2014q2/bin/../lib/gcc/arm-none-eabi/4.7.4/../../../../arm-none-eabi/lib/armv7e-m\libg.a(lib_a-memset.o)
                0x08004eb0                memset
 *(.rodata)
 *(.rodata.*)
 *fill*         0x08004fdc        0x4 00
 .rodata.str1.4
                0x08004fe0        0x5 build/obj/chsys.o
                                  0x8 (size before relaxing)
 *fill*         0x08004fe5        0xb 00
 .rodata.ch_debug
                0x08004ff0       0x18 build/obj/chregistry.o
                0x08004ff0                ch_debug
 *fill*         0x08005008        0x8 00
 .rodata.sdc_vmt
                0x08005010       0x20 build/obj/sdc.o
 .rodata.vmt    0x08005030       0x20 build/obj/serial.o
 .rodata.vmt    0x08005050       0x20 build/obj/serial_usb.o
 .rodata.zero_status
                0x08005070        0x4 build/obj/usb.o
 *fill*         0x08005074        0xc 00
 .rodata.active_status
                0x08005080        0x4 build/obj/usb.o
 *fill*         0x08005084        0xc 00
 .rodata.halted_status
                0x08005090        0x4 build/obj/usb.o
 *fill*         0x08005094        0xc 00
 .rodata._stm32_dma_streams
                0x080050a0       0xc0 build/obj/stm32_dma.o
                0x080050a0                _stm32_dma_streams
 .rodata.fsparams
                0x08005160        0xc build/obj/usb_lld.o
 *fill*         0x0800516c        0x4 00
 .rodata.hsparams
                0x08005170        0xc build/obj/usb_lld.o
 *fill*         0x0800517c        0x4 00
 .rodata.str1.4
                0x08005180        0xd build/obj/usb_lld.o
                                 0x10 (size before relaxing)
 *fill*         0x0800518d        0x3 00
 .rodata.ep0config
                0x08005190       0x24 build/obj/usb_lld.o
 *fill*         0x080051b4        0xc 00
 .rodata.default_config
                0x080051c0        0xc build/obj/serial_lld.o
 *fill*         0x080051cc        0x4 00
 .rodata.pal_default_config
                0x080051d0       0xfc build/obj/board.o
                0x080051d0                pal_default_config
 *fill*         0x080052cc        0x4 00
 .rodata.str1.4
                0x080052d0        0x7 build/obj/chprintf.o
                                  0x8 (size before relaxing)
 *fill*         0x080052d7        0x9 00
 .rodata.vcom_configuration_descriptor_data
                0x080052e0       0x44 build/obj/main.o
 *fill*         0x08005324        0xc 00
 .rodata.vcom_string0
                0x08005330        0x4 build/obj/main.o
 *fill*         0x08005334        0xc 00
 .rodata.vcom_string1
                0x08005340       0x28 build/obj/main.o
 *fill*         0x08005368        0x8 00
 .rodata.vcom_string2
                0x08005370       0x38 build/obj/main.o
 *fill*         0x080053a8        0x8 00
 .rodata.vcom_string3
                0x080053b0        0x8 build/obj/main.o
 *fill*         0x080053b8        0x8 00
 .rodata.vcom_strings
                0x080053c0       0x20 build/obj/main.o
 .rodata.vcom_device_descriptor
                0x080053e0        0x8 build/obj/main.o
 *fill*         0x080053e8        0x8 00
 .rodata.adcgrpcfg1
                0x080053f0       0x28 build/obj/main.o
 *fill*         0x08005418        0x8 00
 .rodata.serusbcfg
                0x08005420        0x8 build/obj/main.o
 *fill*         0x08005428        0x8 00
 .rodata.usbcfg
                0x08005430       0x10 build/obj/main.o
 .rodata.vcom_device_descriptor_data
                0x08005440       0x14 build/obj/main.o
 *fill*         0x08005454        0xc 00
 .rodata.vcom_configuration_descriptor
                0x08005460        0x8 build/obj/main.o
 *fill*         0x08005468        0x8 00
 .rodata.str1.4
                0x08005470       0x28 build/obj/main.o
 *fill*         0x08005498        0x8 00
 .rodata.ep2config
                0x080054a0       0x24 build/obj/main.o
 *fill*         0x080054c4        0xc 00
 .rodata.ep1config
                0x080054d0       0x24 build/obj/main.o
 *(.glue_7t)
 .glue_7t       0x00000000        0x0 linker stubs
 *(.glue_7)
 .glue_7        0x00000000        0x0 linker stubs
 *(.gcc*)

.vfp11_veneer   0x080054f4        0x0
 .vfp11_veneer  0x00000000        0x0 linker stubs

.v4_bx          0x080054f4        0x0
 .v4_bx         0x00000000        0x0 linker stubs

.iplt           0x080054f4        0x0
 .iplt          0x00000000        0x0 build/obj/crt0.o

.rel.dyn        0x080054f4        0x0
 .rel.iplt      0x00000000        0x0 build/obj/crt0.o

.ARM.extab
 *(.ARM.extab* .gnu.linkonce.armextab.*)

.ARM.exidx      0x080054f4        0x0
                0x080054f4                PROVIDE (__exidx_start, .)
 *(.ARM.exidx* .gnu.linkonce.armexidx.*)
                0x080054f4                PROVIDE (__exidx_end, .)

.eh_frame_hdr
 *(.eh_frame_hdr)

.eh_frame
 *(.eh_frame)

.textalign      0x080054f4        0x4
                0x080054f8                . = ALIGN (0x8)
 *fill*         0x080054f4        0x4 00
                0x080054f8                . = ALIGN (0x4)
                0x080054f8                _etext = .
                0x080054f8                _textdata = _etext

.stacks         0x20000000      0x800
                0x20000000                . = ALIGN (0x8)
                0x20000000                __main_stack_base__ = .
                0x20000400                . = (. + __main_stack_size__)
 *fill*         0x20000000      0x400 00
                0x20000400                . = ALIGN (0x8)
                0x20000400                __main_stack_end__ = .
                0x20000400                __process_stack_base__ = .
                0x20000400                __main_thread_stack_base__ = .
                0x20000800                . = (. + __process_stack_size__)
 *fill*         0x20000400      0x400 00
                0x20000800                . = ALIGN (0x8)
                0x20000800                __process_stack_end__ = .
                0x20000800                __main_thread_stack_end__ = .

.data           0x20000800        0x8 load address 0x080054f8
                0x20000800                . = ALIGN (0x4)
                0x20000800                PROVIDE (_data, .)
 *(.data)
                0x20000800                . = ALIGN (0x4)
 *(.data.*)
 .data.linecoding
                0x20000800        0x8 build/obj/serial_usb.o
                0x20000808                . = ALIGN (0x4)
 *(.ramtext)
                0x20000808                . = ALIGN (0x4)
                0x20000808                PROVIDE (_edata, .)

.igot.plt       0x20000808        0x0 load address 0x08005500
 .igot.plt      0x00000000        0x0 build/obj/crt0.o

.bss            0x20000808     0x36a0 load address 0x08005500
                0x20000808                . = ALIGN (0x4)
                0x20000808                PROVIDE (_bss_start, .)
 *(.bss)
                0x20000808                . = ALIGN (0x4)
 *(.bss.*)
 .bss.mainthread.4773
                0x20000808       0x48 build/obj/chsys.o
 .bss._idle_thread_wa
                0x20000850       0xe0 build/obj/chsys.o
                0x20000850                _idle_thread_wa
 .bss.vtlist    0x20000930       0x10 build/obj/chvt.o
                0x20000930                vtlist
 .bss.rlist     0x20000940       0x1c build/obj/chschd.o
                0x20000940                rlist
 .bss.endmem    0x2000095c        0x4 build/obj/chmemcore.o
 .bss.nextmem   0x20000960        0x4 build/obj/chmemcore.o
 *fill*         0x20000964        0x4 00
 .bss.default_heap
                0x20000968       0x20 build/obj/chheap.o
 .bss.measurement_offset
                0x20000988        0x4 build/obj/tm.o
 .bss.dma_isr_redir
                0x2000098c       0x80 build/obj/stm32_dma.o
 .bss.dma_streams_mask
                0x20000a0c        0x4 build/obj/stm32_dma.o
 .bss.ADCD1     0x20000a10       0x34 build/obj/adc_lld.o
                0x20000a10                ADCD1
 .bss.ADCD2     0x20000a44       0x34 build/obj/adc_lld.o
                0x20000a44                ADCD2
 .bss.ADCD3     0x20000a78       0x34 build/obj/adc_lld.o
                0x20000a78                ADCD3
 .bss.ETHD1     0x20000aac       0x34 build/obj/mac_lld.o
                0x20000aac                ETHD1
 .bss.rb        0x20000ae0     0x17d0 build/obj/mac_lld.o
 .bss.rd        0x200022b0       0x40 build/obj/mac_lld.o
 .bss.tb        0x200022f0      0xbe8 build/obj/mac_lld.o
 .bss.td        0x20002ed8       0x20 build/obj/mac_lld.o
 .bss.SDCD1     0x20002ef8       0x48 build/obj/sdc_lld.o
                0x20002ef8                SDCD1
 .bss.u         0x20002f40      0x200 build/obj/sdc_lld.o
 .bss.USBD1     0x20003140      0x1d0 build/obj/usb_lld.o
                0x20003140                USBD1
 .bss.USBD2     0x20003310      0x1d0 build/obj/usb_lld.o
                0x20003310                USBD2
 .bss.ep0_state
                0x200034e0       0x14 build/obj/usb_lld.o
 .bss.ep0setup_buffer
                0x200034f4        0x8 build/obj/usb_lld.o
 .bss.SD6       0x200034fc       0x78 build/obj/serial_lld.o
                0x200034fc                SD6
 .bss.last_status.7251
                0x20003574        0x1 build/obj/board.o
 *fill*         0x20003575        0x3 00
 .bss.ind       0x20003578        0x4 build/obj/main.o
 .bss.total     0x2000357c        0x4 build/obj/main.o
 .bss.samples1  0x20003580        0x4 build/obj/main.o
 .bss.readings  0x20003584      0x370 build/obj/main.o
 .bss.SDU1      0x200038f4      0x258 build/obj/main.o
 .bss.ep2instate
                0x20003b4c       0x14 build/obj/main.o
 .bss.average   0x20003b60        0x4 build/obj/main.o
 .bss.ep1outstate
                0x20003b64       0x10 build/obj/main.o
 .bss.ep1instate
                0x20003b74       0x14 build/obj/main.o
 .bss.waThread1
                0x20003b88      0x150 build/obj/main.o
 .bss.waThread2
                0x20003cd8      0x1d0 build/obj/main.o
                0x20003ea8                . = ALIGN (0x4)
 *(COMMON)
                0x20003ea8                . = ALIGN (0x4)
                0x20003ea8                PROVIDE (_bss_end, .)
                0x20003ea8                PROVIDE (end, .)
                0x20003ea8                _end = .
                0x20003ea8                __heap_base__ = _end
                0x2001c000                __heap_end__ = __ram_end__
START GROUP
LOAD c:/chibistudio/tools/gnu tools arm embedded/4.7 2014q2/bin/../lib/gcc/arm-none-eabi/4.7.4/armv7e-m\libgcc.a
LOAD c:/chibistudio/tools/gnu tools arm embedded/4.7 2014q2/bin/../lib/gcc/arm-none-eabi/4.7.4/../../../../arm-none-eabi/lib/armv7e-m\libg.a
LOAD c:/chibistudio/tools/gnu tools arm embedded/4.7 2014q2/bin/../lib/gcc/arm-none-eabi/4.7.4/../../../../arm-none-eabi/lib/armv7e-m\libc.a
END GROUP
OUTPUT(build/ch.elf elf32-littlearm)

.debug_info     0x00000000    0x1d1d3
 .debug_info    0x00000000      0x2a9 build/obj/crt0.o
 .debug_info    0x000002a9      0x1f0 build/obj/vectors.o
 .debug_info    0x00000499       0x9a build/obj/chcore.o
 .debug_info    0x00000533      0x89b build/obj/chcore_v7m.o
 .debug_info    0x00000dce      0x455 build/obj/nvic.o
 .debug_info    0x00001223      0x8aa build/obj/chsys.o
 .debug_info    0x00001acd      0x21f build/obj/chvt.o
 .debug_info    0x00001cec      0x9eb build/obj/chschd.o
 .debug_info    0x000026d7      0xc4b build/obj/chthreads.o
 .debug_info    0x00003322      0x684 build/obj/chregistry.o
 .debug_info    0x000039a6      0xb80 build/obj/chsem.o
 .debug_info    0x00004526      0xa4c build/obj/chmtx.o
 .debug_info    0x00004f72      0xe36 build/obj/chevents.o
 .debug_info    0x00005da8      0xc7d build/obj/chqueues.o
 .debug_info    0x00006a25      0x22f build/obj/chmemcore.o
 .debug_info    0x00006c54      0x739 build/obj/chheap.o
 .debug_info    0x0000738d      0x443 build/obj/hal.o
 .debug_info    0x000077d0      0xf07 build/obj/adc.o
 .debug_info    0x000086d7      0xcbf build/obj/mac.o
 .debug_info    0x00009396      0x2bf build/obj/mmcsd.o
 .debug_info    0x00009655     0x135b build/obj/sdc.o
 .debug_info    0x0000a9b0     0x10bd build/obj/serial.o
 .debug_info    0x0000ba6d     0x2003 build/obj/serial_usb.o
 .debug_info    0x0000da70      0x2f4 build/obj/tm.o
 .debug_info    0x0000dd64     0x1f44 build/obj/usb.o
 .debug_info    0x0000fca8      0xb44 build/obj/stm32_dma.o
 .debug_info    0x000107ec      0x505 build/obj/hal_lld.o
 .debug_info    0x00010cf1     0x139c build/obj/adc_lld.o
 .debug_info    0x0001208d     0x1b5d build/obj/mac_lld.o
 .debug_info    0x00013bea     0x1ab6 build/obj/sdc_lld.o
 .debug_info    0x000156a0      0x769 build/obj/pal_lld.o
 .debug_info    0x00015e09     0x2940 build/obj/usb_lld.o
 .debug_info    0x00018749     0x1021 build/obj/serial_lld.o
 .debug_info    0x0001976a      0xa4b build/obj/board.o
 .debug_info    0x0001a1b5      0x6fb build/obj/chprintf.o
 .debug_info    0x0001a8b0     0x2923 build/obj/main.o

.debug_abbrev   0x00000000     0x5b4e
 .debug_abbrev  0x00000000       0xf4 build/obj/crt0.o
 .debug_abbrev  0x000000f4       0xb1 build/obj/vectors.o
 .debug_abbrev  0x000001a5       0x44 build/obj/chcore.o
 .debug_abbrev  0x000001e9      0x1d5 build/obj/chcore_v7m.o
 .debug_abbrev  0x000003be       0xf2 build/obj/nvic.o
 .debug_abbrev  0x000004b0      0x220 build/obj/chsys.o
 .debug_abbrev  0x000006d0      0x133 build/obj/chvt.o
 .debug_abbrev  0x00000803      0x340 build/obj/chschd.o
 .debug_abbrev  0x00000b43      0x368 build/obj/chthreads.o
 .debug_abbrev  0x00000eab      0x197 build/obj/chregistry.o
 .debug_abbrev  0x00001042      0x333 build/obj/chsem.o
 .debug_abbrev  0x00001375      0x316 build/obj/chmtx.o
 .debug_abbrev  0x0000168b      0x359 build/obj/chevents.o
 .debug_abbrev  0x000019e4      0x34c build/obj/chqueues.o
 .debug_abbrev  0x00001d30      0x16c build/obj/chmemcore.o
 .debug_abbrev  0x00001e9c      0x210 build/obj/chheap.o
 .debug_abbrev  0x000020ac      0x1e4 build/obj/hal.o
 .debug_abbrev  0x00002290      0x311 build/obj/adc.o
 .debug_abbrev  0x000025a1      0x2aa build/obj/mac.o
 .debug_abbrev  0x0000284b      0x120 build/obj/mmcsd.o
 .debug_abbrev  0x0000296b      0x3a6 build/obj/sdc.o
 .debug_abbrev  0x00002d11      0x2d5 build/obj/serial.o
 .debug_abbrev  0x00002fe6      0x3e6 build/obj/serial_usb.o
 .debug_abbrev  0x000033cc      0x19c build/obj/tm.o
 .debug_abbrev  0x00003568      0x395 build/obj/usb.o
 .debug_abbrev  0x000038fd      0x221 build/obj/stm32_dma.o
 .debug_abbrev  0x00003b1e      0x12d build/obj/hal_lld.o
 .debug_abbrev  0x00003c4b      0x2fe build/obj/adc_lld.o
 .debug_abbrev  0x00003f49      0x480 build/obj/mac_lld.o
 .debug_abbrev  0x000043c9      0x4a1 build/obj/sdc_lld.o
 .debug_abbrev  0x0000486a      0x1c6 build/obj/pal_lld.o
 .debug_abbrev  0x00004a30      0x565 build/obj/usb_lld.o
 .debug_abbrev  0x00004f95      0x33c build/obj/serial_lld.o
 .debug_abbrev  0x000052d1      0x1e6 build/obj/board.o
 .debug_abbrev  0x000054b7      0x254 build/obj/chprintf.o
 .debug_abbrev  0x0000570b      0x443 build/obj/main.o

.debug_aranges  0x00000000      0xcf8
 .debug_aranges
                0x00000000       0x38 build/obj/crt0.o
 .debug_aranges
                0x00000038       0x20 build/obj/vectors.o
 .debug_aranges
                0x00000058       0x20 build/obj/chcore.o
 .debug_aranges
                0x00000078       0x50 build/obj/chcore_v7m.o
 .debug_aranges
                0x000000c8       0x30 build/obj/nvic.o
 .debug_aranges
                0x000000f8       0x30 build/obj/chsys.o
 .debug_aranges
                0x00000128       0x30 build/obj/chvt.o
 .debug_aranges
                0x00000158       0x68 build/obj/chschd.o
 .debug_aranges
                0x000001c0       0x78 build/obj/chthreads.o
 .debug_aranges
                0x00000238       0x28 build/obj/chregistry.o
 .debug_aranges
                0x00000260       0x70 build/obj/chsem.o
 .debug_aranges
                0x000002d0       0x58 build/obj/chmtx.o
 .debug_aranges
                0x00000328       0xa0 build/obj/chevents.o
 .debug_aranges
                0x000003c8       0x70 build/obj/chqueues.o
 .debug_aranges
                0x00000438       0x38 build/obj/chmemcore.o
 .debug_aranges
                0x00000470       0x40 build/obj/chheap.o
 .debug_aranges
                0x000004b0       0x30 build/obj/hal.o
 .debug_aranges
                0x000004e0       0x70 build/obj/adc.o
 .debug_aranges
                0x00000550       0x60 build/obj/mac.o
 .debug_aranges
                0x000005b0       0x20 build/obj/mmcsd.o
 .debug_aranges
                0x000005d0       0x80 build/obj/sdc.o
 .debug_aranges
                0x00000650       0x88 build/obj/serial.o
 .debug_aranges
                0x000006d8       0xb0 build/obj/serial_usb.o
 .debug_aranges
                0x00000788       0x38 build/obj/tm.o
 .debug_aranges
                0x000007c0       0xa8 build/obj/usb.o
 .debug_aranges
                0x00000868       0xb0 build/obj/stm32_dma.o
 .debug_aranges
                0x00000918       0x28 build/obj/hal_lld.o
 .debug_aranges
                0x00000940       0x70 build/obj/adc_lld.o
 .debug_aranges
                0x000009b0       0x88 build/obj/mac_lld.o
 .debug_aranges
                0x00000a38       0xb8 build/obj/sdc_lld.o
 .debug_aranges
                0x00000af0       0x28 build/obj/pal_lld.o
 .debug_aranges
                0x00000b18       0xe8 build/obj/usb_lld.o
 .debug_aranges
                0x00000c00       0x40 build/obj/serial_lld.o
 .debug_aranges
                0x00000c40       0x38 build/obj/board.o
 .debug_aranges
                0x00000c78       0x30 build/obj/chprintf.o
 .debug_aranges
                0x00000ca8       0x50 build/obj/main.o

.debug_ranges   0x00000000     0x1b38
 .debug_ranges  0x00000000       0xe0 build/obj/crt0.o
 .debug_ranges  0x000000e0       0x10 build/obj/vectors.o
 .debug_ranges  0x000000f0       0x10 build/obj/chcore.o
 .debug_ranges  0x00000100       0x58 build/obj/chcore_v7m.o
 .debug_ranges  0x00000158       0x20 build/obj/nvic.o
 .debug_ranges  0x00000178       0x20 build/obj/chsys.o
 .debug_ranges  0x00000198       0x20 build/obj/chvt.o
 .debug_ranges  0x000001b8      0x190 build/obj/chschd.o
 .debug_ranges  0x00000348       0xc8 build/obj/chthreads.o
 .debug_ranges  0x00000410       0x30 build/obj/chregistry.o
 .debug_ranges  0x00000440      0x1c0 build/obj/chsem.o
 .debug_ranges  0x00000600      0x228 build/obj/chmtx.o
 .debug_ranges  0x00000828       0xd8 build/obj/chevents.o
 .debug_ranges  0x00000900       0xd8 build/obj/chqueues.o
 .debug_ranges  0x000009d8       0x28 build/obj/chmemcore.o
 .debug_ranges  0x00000a00       0x30 build/obj/chheap.o
 .debug_ranges  0x00000a30       0x50 build/obj/hal.o
 .debug_ranges  0x00000a80       0xf0 build/obj/adc.o
 .debug_ranges  0x00000b70       0xb0 build/obj/mac.o
 .debug_ranges  0x00000c20       0x28 build/obj/mmcsd.o
 .debug_ranges  0x00000c48       0xd0 build/obj/sdc.o
 .debug_ranges  0x00000d18       0xa8 build/obj/serial.o
 .debug_ranges  0x00000dc0       0xd0 build/obj/serial_usb.o
 .debug_ranges  0x00000e90       0x78 build/obj/tm.o
 .debug_ranges  0x00000f08       0xe0 build/obj/usb.o
 .debug_ranges  0x00000fe8       0xa0 build/obj/stm32_dma.o
 .debug_ranges  0x00001088       0x30 build/obj/hal_lld.o
 .debug_ranges  0x000010b8       0x60 build/obj/adc_lld.o
 .debug_ranges  0x00001118      0x198 build/obj/mac_lld.o
 .debug_ranges  0x000012b0      0x198 build/obj/sdc_lld.o
 .debug_ranges  0x00001448      0x168 build/obj/pal_lld.o
 .debug_ranges  0x000015b0      0x410 build/obj/usb_lld.o
 .debug_ranges  0x000019c0       0xd8 build/obj/serial_lld.o
 .debug_ranges  0x00001a98       0x28 build/obj/board.o
 .debug_ranges  0x00001ac0       0x20 build/obj/chprintf.o
 .debug_ranges  0x00001ae0       0x58 build/obj/main.o

.debug_line     0x00000000     0x70af
 .debug_line    0x00000000      0x16e build/obj/crt0.o
 .debug_line    0x0000016e       0xe6 build/obj/vectors.o
 .debug_line    0x00000254       0x53 build/obj/chcore.o
 .debug_line    0x000002a7      0x216 build/obj/chcore_v7m.o
 .debug_line    0x000004bd      0x125 build/obj/nvic.o
 .debug_line    0x000005e2      0x237 build/obj/chsys.o
 .debug_line    0x00000819      0x15a build/obj/chvt.o
 .debug_line    0x00000973      0x32b build/obj/chschd.o
 .debug_line    0x00000c9e      0x378 build/obj/chthreads.o
 .debug_line    0x00001016      0x20a build/obj/chregistry.o
 .debug_line    0x00001220      0x37f build/obj/chsem.o
 .debug_line    0x0000159f      0x364 build/obj/chmtx.o
 .debug_line    0x00001903      0x335 build/obj/chevents.o
 .debug_line    0x00001c38      0x3cc build/obj/chqueues.o
 .debug_line    0x00002004      0x192 build/obj/chmemcore.o
 .debug_line    0x00002196      0x2a5 build/obj/chheap.o
 .debug_line    0x0000243b      0x2a6 build/obj/hal.o
 .debug_line    0x000026e1      0x392 build/obj/adc.o
 .debug_line    0x00002a73      0x347 build/obj/mac.o
 .debug_line    0x00002dba      0x12d build/obj/mmcsd.o
 .debug_line    0x00002ee7      0x3e9 build/obj/sdc.o
 .debug_line    0x000032d0      0x3b0 build/obj/serial.o
 .debug_line    0x00003680      0x47d build/obj/serial_usb.o
 .debug_line    0x00003afd      0x1f3 build/obj/tm.o
 .debug_line    0x00003cf0      0x500 build/obj/usb.o
 .debug_line    0x000041f0      0x3fb build/obj/stm32_dma.o
 .debug_line    0x000045eb      0x1f6 build/obj/hal_lld.o
 .debug_line    0x000047e1      0x4ef build/obj/adc_lld.o
 .debug_line    0x00004cd0      0x594 build/obj/mac_lld.o
 .debug_line    0x00005264      0x554 build/obj/sdc_lld.o
 .debug_line    0x000057b8      0x1fe build/obj/pal_lld.o
 .debug_line    0x000059b6      0x8ee build/obj/usb_lld.o
 .debug_line    0x000062a4      0x37e build/obj/serial_lld.o
 .debug_line    0x00006622      0x29a build/obj/board.o
 .debug_line    0x000068bc      0x34a build/obj/chprintf.o
 .debug_line    0x00006c06      0x4a9 build/obj/main.o

.debug_str      0x00000000     0x3ab5
 .debug_str     0x00000000      0x208 build/obj/crt0.o
                                0x242 (size before relaxing)
 .debug_str     0x00000208      0x145 build/obj/vectors.o
                                0x26d (size before relaxing)
 .debug_str     0x0000034d       0x2d build/obj/chcore.o
                                0x140 (size before relaxing)
 .debug_str     0x0000037a      0x2da build/obj/chcore_v7m.o
                                0x415 (size before relaxing)
 .debug_str     0x00000654       0x96 build/obj/nvic.o
                                0x23f (size before relaxing)
 .debug_str     0x000006ea      0x205 build/obj/chsys.o
                                0x4ed (size before relaxing)
 .debug_str     0x000008ef       0x36 build/obj/chvt.o
                                0x1c0 (size before relaxing)
 .debug_str     0x00000925       0xd5 build/obj/chschd.o
                                0x422 (size before relaxing)
 .debug_str     0x000009fa       0xd3 build/obj/chthreads.o
                                0x48d (size before relaxing)
 .debug_str     0x00000acd       0x42 build/obj/chregistry.o
                                0x410 (size before relaxing)
 .debug_str     0x00000b0f       0xc8 build/obj/chsem.o
                                0x406 (size before relaxing)
 .debug_str     0x00000bd7       0x91 build/obj/chmtx.o
                                0x3a7 (size before relaxing)
 .debug_str     0x00000c68      0x1b9 build/obj/chevents.o
                                0x4cb (size before relaxing)
 .debug_str     0x00000e21      0x119 build/obj/chqueues.o
                                0x432 (size before relaxing)
 .debug_str     0x00000f3a       0x70 build/obj/chmemcore.o
                                0x1ab (size before relaxing)
 .debug_str     0x00000faa       0xad build/obj/chheap.o
                                0x38b (size before relaxing)
 .debug_str     0x00001057      0x190 build/obj/hal.o
                                0x2ce (size before relaxing)
 .debug_str     0x000011e7      0x301 build/obj/adc.o
                                0x651 (size before relaxing)
 .debug_str     0x000014e8      0x286 build/obj/mac.o
                                0x639 (size before relaxing)
 .debug_str     0x0000176e       0x5b build/obj/mmcsd.o
                                0x197 (size before relaxing)
 .debug_str     0x000017c9      0x328 build/obj/sdc.o
                                0x68a (size before relaxing)
 .debug_str     0x00001af1      0x163 build/obj/serial.o
                                0x59f (size before relaxing)
 .debug_str     0x00001c54      0x7ca build/obj/serial_usb.o
                                0xc7a (size before relaxing)
 .debug_str     0x0000241e       0x67 build/obj/tm.o
                                0x1fc (size before relaxing)
 .debug_str     0x00002485      0x2b0 build/obj/usb.o
                                0xca0 (size before relaxing)
 .debug_str     0x00002735      0x740 build/obj/stm32_dma.o
                                0x977 (size before relaxing)
 .debug_str     0x00002e75       0xbe build/obj/hal_lld.o
                                0x35f (size before relaxing)
 .debug_str     0x00002f33       0xda build/obj/adc_lld.o
                                0xc93 (size before relaxing)
 .debug_str     0x0000300d      0x31a build/obj/mac_lld.o
                                0xf13 (size before relaxing)
 .debug_str     0x00003327      0x140 build/obj/sdc_lld.o
                                0x902 (size before relaxing)
 .debug_str     0x00003467       0xc9 build/obj/pal_lld.o
                                0x3b2 (size before relaxing)
 .debug_str     0x00003530      0x21d build/obj/usb_lld.o
                                0xf38 (size before relaxing)
 .debug_str     0x0000374d       0x66 build/obj/serial_lld.o
                                0x646 (size before relaxing)
 .debug_str     0x000037b3       0x6d build/obj/board.o
                                0x5b9 (size before relaxing)
 .debug_str     0x00003820      0x10b build/obj/chprintf.o
                                0x270 (size before relaxing)
 .debug_str     0x0000392b      0x18a build/obj/main.o
                               0x11ff (size before relaxing)

.comment        0x00000000       0x70
 .comment       0x00000000       0x70 build/obj/crt0.o
                                 0x71 (size before relaxing)
 .comment       0x00000000       0x71 build/obj/vectors.o
 .comment       0x00000000       0x71 build/obj/chcore.o
 .comment       0x00000000       0x71 build/obj/chcore_v7m.o
 .comment       0x00000000       0x71 build/obj/nvic.o
 .comment       0x00000000       0x71 build/obj/chsys.o
 .comment       0x00000000       0x71 build/obj/chvt.o
 .comment       0x00000000       0x71 build/obj/chschd.o
 .comment       0x00000000       0x71 build/obj/chthreads.o
 .comment       0x00000000       0x71 build/obj/chregistry.o
 .comment       0x00000000       0x71 build/obj/chsem.o
 .comment       0x00000000       0x71 build/obj/chmtx.o
 .comment       0x00000000       0x71 build/obj/chevents.o
 .comment       0x00000000       0x71 build/obj/chqueues.o
 .comment       0x00000000       0x71 build/obj/chmemcore.o
 .comment       0x00000000       0x71 build/obj/chheap.o
 .comment       0x00000000       0x71 build/obj/hal.o
 .comment       0x00000000       0x71 build/obj/adc.o
 .comment       0x00000000       0x71 build/obj/mac.o
 .comment       0x00000000       0x71 build/obj/mmcsd.o
 .comment       0x00000000       0x71 build/obj/sdc.o
 .comment       0x00000000       0x71 build/obj/serial.o
 .comment       0x00000000       0x71 build/obj/serial_usb.o
 .comment       0x00000000       0x71 build/obj/tm.o
 .comment       0x00000000       0x71 build/obj/usb.o
 .comment       0x00000000       0x71 build/obj/stm32_dma.o
 .comment       0x00000000       0x71 build/obj/hal_lld.o
 .comment       0x00000000       0x71 build/obj/adc_lld.o
 .comment       0x00000000       0x71 build/obj/mac_lld.o
 .comment       0x00000000       0x71 build/obj/sdc_lld.o
 .comment       0x00000000       0x71 build/obj/pal_lld.o
 .comment       0x00000000       0x71 build/obj/usb_lld.o
 .comment       0x00000000       0x71 build/obj/serial_lld.o
 .comment       0x00000000       0x71 build/obj/board.o
 .comment       0x00000000       0x71 build/obj/chprintf.o
 .comment       0x00000000       0x71 build/obj/main.o

.ARM.attributes
                0x00000000       0x33
 .ARM.attributes
                0x00000000       0x33 build/obj/crt0.o
 .ARM.attributes
                0x00000033       0x33 build/obj/vectors.o
 .ARM.attributes
                0x00000066       0x33 build/obj/chcore.o
 .ARM.attributes
                0x00000099       0x33 build/obj/chcore_v7m.o
 .ARM.attributes
                0x000000cc       0x33 build/obj/nvic.o
 .ARM.attributes
                0x000000ff       0x33 build/obj/chsys.o
 .ARM.attributes
                0x00000132       0x33 build/obj/chvt.o
 .ARM.attributes
                0x00000165       0x33 build/obj/chschd.o
 .ARM.attributes
                0x00000198       0x33 build/obj/chthreads.o
 .ARM.attributes
                0x000001cb       0x33 build/obj/chregistry.o
 .ARM.attributes
                0x000001fe       0x33 build/obj/chsem.o
 .ARM.attributes
                0x00000231       0x33 build/obj/chmtx.o
 .ARM.attributes
                0x00000264       0x33 build/obj/chevents.o
 .ARM.attributes
                0x00000297       0x33 build/obj/chqueues.o
 .ARM.attributes
                0x000002ca       0x33 build/obj/chmemcore.o
 .ARM.attributes
                0x000002fd       0x33 build/obj/chheap.o
 .ARM.attributes
                0x00000330       0x33 build/obj/hal.o
 .ARM.attributes
                0x00000363       0x33 build/obj/adc.o
 .ARM.attributes
                0x00000396       0x33 build/obj/mac.o
 .ARM.attributes
                0x000003c9       0x33 build/obj/mmcsd.o
 .ARM.attributes
                0x000003fc       0x33 build/obj/sdc.o
 .ARM.attributes
                0x0000042f       0x33 build/obj/serial.o
 .ARM.attributes
                0x00000462       0x33 build/obj/serial_usb.o
 .ARM.attributes
                0x00000495       0x33 build/obj/tm.o
 .ARM.attributes
                0x000004c8       0x33 build/obj/usb.o
 .ARM.attributes
                0x000004fb       0x33 build/obj/stm32_dma.o
 .ARM.attributes
                0x0000052e       0x33 build/obj/hal_lld.o
 .ARM.attributes
                0x00000561       0x33 build/obj/adc_lld.o
 .ARM.attributes
                0x00000594       0x33 build/obj/mac_lld.o
 .ARM.attributes
                0x000005c7       0x33 build/obj/sdc_lld.o
 .ARM.attributes
                0x000005fa       0x33 build/obj/pal_lld.o
 .ARM.attributes
                0x0000062d       0x33 build/obj/usb_lld.o
 .ARM.attributes
                0x00000660       0x33 build/obj/serial_lld.o
 .ARM.attributes
                0x00000693       0x33 build/obj/board.o
 .ARM.attributes
                0x000006c6       0x33 build/obj/chprintf.o
 .ARM.attributes
                0x000006f9       0x33 build/obj/main.o
 .ARM.attributes
                0x0000072c       0x2e c:/chibistudio/tools/gnu tools arm embedded/4.7 2014q2/bin/../lib/gcc/arm-none-eabi/4.7.4/../../../../arm-none-eabi/lib/armv7e-m\libg.a(lib_a-memcpy.o)
 .ARM.attributes
                0x0000075a       0x2e c:/chibistudio/tools/gnu tools arm embedded/4.7 2014q2/bin/../lib/gcc/arm-none-eabi/4.7.4/../../../../arm-none-eabi/lib/armv7e-m\libg.a(lib_a-memset.o)

.debug_frame    0x00000000     0x2198
 .debug_frame   0x00000000       0x50 build/obj/crt0.o
 .debug_frame   0x00000050       0x20 build/obj/vectors.o
 .debug_frame   0x00000070       0x20 build/obj/chcore.o
 .debug_frame   0x00000090       0x98 build/obj/chcore_v7m.o
 .debug_frame   0x00000128       0x64 build/obj/nvic.o
 .debug_frame   0x0000018c       0x5c build/obj/chsys.o
 .debug_frame   0x000001e8       0x4c build/obj/chvt.o
 .debug_frame   0x00000234       0xf0 build/obj/chschd.o
 .debug_frame   0x00000324      0x160 build/obj/chthreads.o
 .debug_frame   0x00000484       0x3c build/obj/chregistry.o
 .debug_frame   0x000004c0      0x140 build/obj/chsem.o
 .debug_frame   0x00000600       0xe4 build/obj/chmtx.o
 .debug_frame   0x000006e4      0x1e0 build/obj/chevents.o
 .debug_frame   0x000008c4      0x170 build/obj/chqueues.o
 .debug_frame   0x00000a34       0x50 build/obj/chmemcore.o
 .debug_frame   0x00000a84       0x98 build/obj/chheap.o
 .debug_frame   0x00000b1c       0x4c build/obj/hal.o
 .debug_frame   0x00000b68      0x118 build/obj/adc.o
 .debug_frame   0x00000c80      0x100 build/obj/mac.o
 .debug_frame   0x00000d80       0x20 build/obj/mmcsd.o
 .debug_frame   0x00000da0      0x170 build/obj/sdc.o
 .debug_frame   0x00000f10      0x13c build/obj/serial.o
 .debug_frame   0x0000104c      0x1b4 build/obj/serial_usb.o
 .debug_frame   0x00001200       0x64 build/obj/tm.o
 .debug_frame   0x00001264      0x208 build/obj/usb.o
 .debug_frame   0x0000146c      0x244 build/obj/stm32_dma.o
 .debug_frame   0x000016b0       0x3c build/obj/hal_lld.o
 .debug_frame   0x000016ec      0x12c build/obj/adc_lld.o
 .debug_frame   0x00001818      0x17c build/obj/mac_lld.o
 .debug_frame   0x00001994      0x240 build/obj/sdc_lld.o
 .debug_frame   0x00001bd4       0x4c build/obj/pal_lld.o
 .debug_frame   0x00001c20      0x2c4 build/obj/usb_lld.o
 .debug_frame   0x00001ee4       0x94 build/obj/serial_lld.o
 .debug_frame   0x00001f78       0x50 build/obj/board.o
 .debug_frame   0x00001fc8       0x90 build/obj/chprintf.o
 .debug_frame   0x00002058       0xe4 build/obj/main.o
 .debug_frame   0x0000213c       0x30 c:/chibistudio/tools/gnu tools arm embedded/4.7 2014q2/bin/../lib/gcc/arm-none-eabi/4.7.4/../../../../arm-none-eabi/lib/armv7e-m\libg.a(lib_a-memcpy.o)
 .debug_frame   0x0000216c       0x2c c:/chibistudio/tools/gnu tools arm embedded/4.7 2014q2/bin/../lib/gcc/arm-none-eabi/4.7.4/../../../../arm-none-eabi/lib/armv7e-m\libg.a(lib_a-memset.o)

.debug_loc      0x00000000     0xa0cf
 .debug_loc     0x00000000      0x10c build/obj/chcore_v7m.o
 .debug_loc     0x0000010c      0x1ca build/obj/nvic.o
 .debug_loc     0x000002d6       0xe2 build/obj/chsys.o
 .debug_loc     0x000003b8       0xb8 build/obj/chvt.o
 .debug_loc     0x00000470      0x33e build/obj/chschd.o
 .debug_loc     0x000007ae      0x519 build/obj/chthreads.o
 .debug_loc     0x00000cc7       0xb7 build/obj/chregistry.o
 .debug_loc     0x00000d7e      0x696 build/obj/chsem.o
 .debug_loc     0x00001414      0x4c2 build/obj/chmtx.o
 .debug_loc     0x000018d6      0x905 build/obj/chevents.o
 .debug_loc     0x000021db      0x8cf build/obj/chqueues.o
 .debug_loc     0x00002aaa      0x114 build/obj/chmemcore.o
 .debug_loc     0x00002bbe      0x318 build/obj/chheap.o
 .debug_loc     0x00002ed6       0xa7 build/obj/hal.o
 .debug_loc     0x00002f7d      0x523 build/obj/adc.o
 .debug_loc     0x000034a0      0x37e build/obj/mac.o
 .debug_loc     0x0000381e      0x206 build/obj/mmcsd.o
 .debug_loc     0x00003a24      0x5e0 build/obj/sdc.o
 .debug_loc     0x00004004      0x587 build/obj/serial.o
 .debug_loc     0x0000458b      0x92a build/obj/serial_usb.o
 .debug_loc     0x00004eb5       0xb9 build/obj/tm.o
 .debug_loc     0x00004f6e      0xd6f build/obj/usb.o
 .debug_loc     0x00005cdd      0x58a build/obj/stm32_dma.o
 .debug_loc     0x00006267       0x20 build/obj/hal_lld.o
 .debug_loc     0x00006287      0x4a4 build/obj/adc_lld.o
 .debug_loc     0x0000672b      0x6e5 build/obj/mac_lld.o
 .debug_loc     0x00006e10      0xd40 build/obj/sdc_lld.o
 .debug_loc     0x00007b50      0x2e7 build/obj/pal_lld.o
 .debug_loc     0x00007e37     0x13b2 build/obj/usb_lld.o
 .debug_loc     0x000091e9      0x2f3 build/obj/serial_lld.o
 .debug_loc     0x000094dc       0x5b build/obj/board.o
 .debug_loc     0x00009537      0x90f build/obj/chprintf.o
 .debug_loc     0x00009e46      0x289 build/obj/main.o

Cross Reference Table

Symbol                                            File
ADCD1                                             build/obj/adc_lld.o
                                                  build/obj/main.o
ADCD2                                             build/obj/adc_lld.o
ADCD3                                             build/obj/adc_lld.o
BusFaultVector                                    build/obj/vectors.o
DebugMonitorVector                                build/obj/vectors.o
ETHD1                                             build/obj/mac_lld.o
                                                  build/obj/lwipthread.o
HardFaultVector                                   build/obj/vectors.o
MemManageVector                                   build/obj/vectors.o
NMIVector                                         build/obj/vectors.o
PendSVVector                                      build/obj/vectors.o
ResetHandler                                      build/obj/crt0.o
                                                  build/obj/vectors.o
SD6                                               build/obj/serial_lld.o
                                                  build/obj/main.o
SDCD1                                             build/obj/sdc_lld.o
                                                  build/obj/main.o
                                                  build/obj/fatfs_diskio.o
SVCallVector                                      build/obj/chcore_v7m.o
                                                  build/obj/vectors.o
SysTickVector                                     build/obj/chcore_v7m.o
                                                  build/obj/vectors.o
TestThread                                        build/obj/test.o
USBD1                                             build/obj/usb_lld.o
                                                  build/obj/main.o
USBD2                                             build/obj/usb_lld.o
UsageFaultVector                                  build/obj/vectors.o
Vector100                                         build/obj/vectors.o
Vector104                                         build/obj/sdc_lld.o
                                                  build/obj/vectors.o
Vector108                                         build/obj/vectors.o
Vector10C                                         build/obj/vectors.o
Vector110                                         build/obj/vectors.o
Vector114                                         build/obj/vectors.o
Vector118                                         build/obj/vectors.o
Vector11C                                         build/obj/vectors.o
Vector120                                         build/obj/stm32_dma.o
                                                  build/obj/vectors.o
Vector124                                         build/obj/stm32_dma.o
                                                  build/obj/vectors.o
Vector128                                         build/obj/stm32_dma.o
                                                  build/obj/vectors.o
Vector12C                                         build/obj/stm32_dma.o
                                                  build/obj/vectors.o
Vector130                                         build/obj/stm32_dma.o
                                                  build/obj/vectors.o
Vector134                                         build/obj/mac_lld.o
                                                  build/obj/vectors.o
Vector138                                         build/obj/vectors.o
Vector13C                                         build/obj/vectors.o
Vector140                                         build/obj/vectors.o
Vector144                                         build/obj/vectors.o
Vector148                                         build/obj/vectors.o
Vector14C                                         build/obj/usb_lld.o
                                                  build/obj/vectors.o
Vector150                                         build/obj/stm32_dma.o
                                                  build/obj/vectors.o
Vector154                                         build/obj/stm32_dma.o
                                                  build/obj/vectors.o
Vector158                                         build/obj/stm32_dma.o
                                                  build/obj/vectors.o
Vector15C                                         build/obj/serial_lld.o
                                                  build/obj/vectors.o
Vector160                                         build/obj/vectors.o
Vector164                                         build/obj/vectors.o
Vector168                                         build/obj/vectors.o
Vector16C                                         build/obj/vectors.o
Vector170                                         build/obj/vectors.o
Vector174                                         build/obj/usb_lld.o
                                                  build/obj/vectors.o
Vector178                                         build/obj/vectors.o
Vector17C                                         build/obj/vectors.o
Vector180                                         build/obj/vectors.o
Vector184                                         build/obj/vectors.o
Vector188                                         build/obj/vectors.o
Vector18C                                         build/obj/vectors.o
Vector190                                         build/obj/vectors.o
Vector194                                         build/obj/vectors.o
Vector198                                         build/obj/vectors.o
Vector19C                                         build/obj/vectors.o
Vector1A0                                         build/obj/vectors.o
Vector1A4                                         build/obj/vectors.o
Vector1A8                                         build/obj/vectors.o
Vector1C                                          build/obj/vectors.o
Vector20                                          build/obj/vectors.o
Vector24                                          build/obj/vectors.o
Vector28                                          build/obj/vectors.o
Vector34                                          build/obj/vectors.o
Vector40                                          build/obj/vectors.o
Vector44                                          build/obj/vectors.o
Vector48                                          build/obj/vectors.o
Vector4C                                          build/obj/vectors.o
Vector50                                          build/obj/vectors.o
Vector54                                          build/obj/vectors.o
Vector58                                          build/obj/vectors.o
Vector5C                                          build/obj/vectors.o
Vector60                                          build/obj/vectors.o
Vector64                                          build/obj/vectors.o
Vector68                                          build/obj/vectors.o
Vector6C                                          build/obj/stm32_dma.o
                                                  build/obj/vectors.o
Vector70                                          build/obj/stm32_dma.o
                                                  build/obj/vectors.o
Vector74                                          build/obj/stm32_dma.o
                                                  build/obj/vectors.o
Vector78                                          build/obj/stm32_dma.o
                                                  build/obj/vectors.o
Vector7C                                          build/obj/stm32_dma.o
                                                  build/obj/vectors.o
Vector80                                          build/obj/stm32_dma.o
                                                  build/obj/vectors.o
Vector84                                          build/obj/stm32_dma.o
                                                  build/obj/vectors.o
Vector88                                          build/obj/adc_lld.o
                                                  build/obj/vectors.o
Vector8C                                          build/obj/vectors.o
Vector90                                          build/obj/vectors.o
Vector94                                          build/obj/vectors.o
Vector98                                          build/obj/vectors.o
Vector9C                                          build/obj/vectors.o
VectorA0                                          build/obj/vectors.o
VectorA4                                          build/obj/vectors.o
VectorA8                                          build/obj/vectors.o
VectorAC                                          build/obj/vectors.o
VectorB0                                          build/obj/vectors.o
VectorB4                                          build/obj/vectors.o
VectorB8                                          build/obj/vectors.o
VectorBC                                          build/obj/vectors.o
VectorC0                                          build/obj/vectors.o
VectorC4                                          build/obj/vectors.o
VectorC8                                          build/obj/vectors.o
VectorCC                                          build/obj/vectors.o
VectorD0                                          build/obj/vectors.o
VectorD4                                          build/obj/vectors.o
VectorD8                                          build/obj/vectors.o
VectorDC                                          build/obj/vectors.o
VectorE0                                          build/obj/vectors.o
VectorE4                                          build/obj/vectors.o
VectorE8                                          build/obj/vectors.o
VectorEC                                          build/obj/vectors.o
VectorF0                                          build/obj/vectors.o
VectorF4                                          build/obj/vectors.o
VectorF8                                          build/obj/vectors.o
VectorFC                                          build/obj/stm32_dma.o
                                                  build/obj/vectors.o
__ctype_ptr__                                     c:/chibistudio/tools/gnu tools arm embedded/4.7 2014q2/bin/../lib/gcc/arm-none-eabi/4.7.4/../../../../arm-none-eabi/lib/armv7e-m\libg.a(lib_a-ctype_.o)
                                                  c:/chibistudio/tools/gnu tools arm embedded/4.7 2014q2/bin/../lib/gcc/arm-none-eabi/4.7.4/../../../../arm-none-eabi/lib/armv7e-m\libg.a(lib_a-strcasecmp.o)
__early_init                                      build/obj/board.o
                                                  build/obj/crt0.o
__fini_array_end                                  build/obj/crt0.o
__fini_array_start                                build/obj/crt0.o
__heap_base__                                     build/obj/chmemcore.o
__heap_end__                                      build/obj/chmemcore.o
__init_array_end                                  build/obj/crt0.o
__init_array_start                                build/obj/crt0.o
__late_init                                       build/obj/crt0.o
__main_stack_base__                               build/obj/crt0.o
__main_stack_end__                                build/obj/vectors.o
                                                  build/obj/crt0.o
__process_stack_base__                            build/obj/crt0.o
__process_stack_end__                             build/obj/crt0.o
_bss_end                                          build/obj/crt0.o
_bss_start                                        build/obj/crt0.o
_core_init                                        build/obj/chmemcore.o
                                                  build/obj/chsys.o
_ctype_                                           c:/chibistudio/tools/gnu tools arm embedded/4.7 2014q2/bin/../lib/gcc/arm-none-eabi/4.7.4/../../../../arm-none-eabi/lib/armv7e-m\libg.a(lib_a-ctype_.o)
_data                                             build/obj/crt0.o
_default_exit                                     build/obj/crt0.o
_edata                                            build/obj/crt0.o
_heap_init                                        build/obj/chheap.o
                                                  build/obj/chsys.o
_idle_thread                                      build/obj/chsys.o
_idle_thread_wa                                   build/obj/chsys.o
_pal_lld_init                                     build/obj/pal_lld.o
                                                  build/obj/hal.o
_pal_lld_setgroupmode                             build/obj/pal_lld.o
                                                  build/obj/main.o
                                                  build/obj/pal.o
_port_init                                        build/obj/chcore_v7m.o
                                                  build/obj/chsys.o
_port_irq_epilogue                                build/obj/chcore_v7m.o
                                                  build/obj/serial_lld.o
                                                  build/obj/usb_lld.o
                                                  build/obj/sdc_lld.o
                                                  build/obj/mac_lld.o
                                                  build/obj/adc_lld.o
                                                  build/obj/stm32_dma.o
_port_switch                                      build/obj/chcore_v7m.o
                                                  build/obj/chschd.o
_port_switch_from_isr                             build/obj/chcore_v7m.o
_port_thread_start                                build/obj/chcore_v7m.o
                                                  build/obj/chthreads.o
_scheduler_init                                   build/obj/chschd.o
                                                  build/obj/chsys.o
_sdc_wait_for_transfer_state                      build/obj/sdc.o
                                                  build/obj/sdc_lld.o
_stm32_dma_streams                                build/obj/stm32_dma.o
                                                  build/obj/sdc_lld.o
                                                  build/obj/adc_lld.o
_test_assert                                      build/obj/test.o
                                                  build/obj/testqueues.o
                                                  build/obj/testdyn.o
                                                  build/obj/testpools.o
                                                  build/obj/testheap.o
                                                  build/obj/testevt.o
                                                  build/obj/testmbox.o
                                                  build/obj/testmtx.o
                                                  build/obj/testsem.o
                                                  build/obj/testthd.o
_test_assert_sequence                             build/obj/test.o
                                                  build/obj/testqueues.o
                                                  build/obj/testdyn.o
                                                  build/obj/testevt.o
                                                  build/obj/testmbox.o
                                                  build/obj/testmsg.o
                                                  build/obj/testmtx.o
                                                  build/obj/testsem.o
                                                  build/obj/testthd.o
_test_assert_time_window                          build/obj/test.o
                                                  build/obj/testevt.o
                                                  build/obj/testmtx.o
                                                  build/obj/testsem.o
                                                  build/obj/testthd.o
_test_fail                                        build/obj/test.o
_textdata                                         build/obj/crt0.o
_thread_init                                      build/obj/chthreads.o
                                                  build/obj/chsys.o
_unhandled_exception                              build/obj/vectors.o
_usb_ep0in                                        build/obj/usb.o
                                                  build/obj/usb_lld.o
_usb_ep0out                                       build/obj/usb.o
                                                  build/obj/usb_lld.o
_usb_ep0setup                                     build/obj/usb.o
                                                  build/obj/usb_lld.o
_usb_reset                                        build/obj/usb.o
                                                  build/obj/usb_lld.o
_vectors                                          build/obj/vectors.o
_vt_init                                          build/obj/chvt.o
                                                  build/obj/chsys.o
adcAcquireBus                                     build/obj/adc.o
adcConvert                                        build/obj/adc.o
                                                  build/obj/main.o
adcInit                                           build/obj/adc.o
                                                  build/obj/hal.o
adcObjectInit                                     build/obj/adc.o
                                                  build/obj/adc_lld.o
adcReleaseBus                                     build/obj/adc.o
adcSTM32DisableTSVREFE                            build/obj/adc_lld.o
adcSTM32DisableVBATE                              build/obj/adc_lld.o
adcSTM32EnableTSVREFE                             build/obj/adc_lld.o
                                                  build/obj/main.o
adcSTM32EnableVBATE                               build/obj/adc_lld.o
adcStart                                          build/obj/adc.o
                                                  build/obj/main.o
adcStartConversion                                build/obj/adc.o
adcStartConversionI                               build/obj/adc.o
adcStop                                           build/obj/adc.o
adcStopConversion                                 build/obj/adc.o
adcStopConversionI                                build/obj/adc.o
adc_lld_init                                      build/obj/adc_lld.o
                                                  build/obj/adc.o
adc_lld_start                                     build/obj/adc_lld.o
                                                  build/obj/adc.o
adc_lld_start_conversion                          build/obj/adc_lld.o
                                                  build/obj/adc.o
adc_lld_stop                                      build/obj/adc_lld.o
                                                  build/obj/adc.o
adc_lld_stop_conversion                           build/obj/adc_lld.o
                                                  build/obj/adc.o
boardInit                                         build/obj/board.o
                                                  build/obj/hal.o
chCondBroadcast                                   build/obj/chcond.o
                                                  build/obj/testmtx.o
chCondBroadcastI                                  build/obj/chcond.o
chCondInit                                        build/obj/chcond.o
                                                  build/obj/testmtx.o
chCondSignal                                      build/obj/chcond.o
                                                  build/obj/testmtx.o
chCondSignalI                                     build/obj/chcond.o
                                                  build/obj/testmtx.o
chCondWait                                        build/obj/chcond.o
                                                  build/obj/testmtx.o
chCondWaitS                                       build/obj/chcond.o
chCondWaitTimeout                                 build/obj/chcond.o
                                                  build/obj/testmtx.o
chCondWaitTimeoutS                                build/obj/chcond.o
chCoreAlloc                                       build/obj/chmemcore.o
                                                  build/obj/sys_arch.o
                                                  build/obj/chheap.o
chCoreAllocI                                      build/obj/chmemcore.o
chCoreStatus                                      build/obj/chmemcore.o
                                                  build/obj/testheap.o
chEvtAddEvents                                    build/obj/chevents.o
                                                  build/obj/lwipthread.o
                                                  build/obj/testevt.o
chEvtBroadcastFlags                               build/obj/chevents.o
                                                  build/obj/testevt.o
chEvtBroadcastFlagsI                              build/obj/chevents.o
                                                  build/obj/shell.o
                                                  build/obj/evtimer.o
                                                  build/obj/serial_lld.o
                                                  build/obj/mac_lld.o
                                                  build/obj/serial_usb.o
                                                  build/obj/serial.o
chEvtDispatch                                     build/obj/chevents.o
                                                  build/obj/testevt.o
chEvtGetAndClearEvents                            build/obj/chevents.o
                                                  build/obj/testevt.o
chEvtGetAndClearFlags                             build/obj/chevents.o
chEvtGetAndClearFlagsI                            build/obj/chevents.o
chEvtRegisterMask                                 build/obj/chevents.o